// Vitest Snapshot v1, https://vitest.dev/guide/snapshot.html

exports[`localStorage tests > localStorage keys snapshot 1`] = `
{
  "darkMode": "darkMode",
  "pomodoro": "pomodoro",
}
`;
